MySQL Shell 8.0.32

Copyright (c) 2016, 2023, Oracle and/or its affiliates.
Oracle is a registered trademark of Oracle Corporation and/or its affiliates.
Other names may be trademarks of their respective owners.

Type '\help' or '\?' for help; '\quit' to exit.
 MySQL  JS > \sql
Switching to SQL mode... Commands end with ;
 MySQL  SQL > \connect --mc root@localhost
Creating a Classic session to 'root@localhost'
Please provide the password for 'root@localhost': ***************
Save password for 'root@localhost'? [Y]es/[N]o/Ne[v]er (default No): N
Fetching global names for auto-completion... Press ^C to stop.
Your MySQL connection id is 10
Server version: 8.0.32 MySQL Community Server - GPL
No default schema selected; type \use <schema> to set one.
 MySQL  localhost:3306 ssl  SQL > \use eva_2
Default schema set to `eva_2`.
Fetching global names, object names from `eva_2` for auto-completion... Press ^C to stop.
 MySQL  localhost:3306 ssl  eva_2  SQL > show tables:
                                      -> ;
ERROR: 1064 (42000): You have an error in your SQL syntax; check the manual that corresponds to your MySQL server version for the right syntax to use near ':' at line 1
 MySQL  localhost:3306 ssl  eva_2  SQL > show tables;
+-----------------+
| Tables_in_eva_2 |
+-----------------+
| contacts        |
| detalle         |
| detallefactura  |
| factura         |
| maestra         |
| phones          |
+-----------------+
6 rows in set (0.0013 sec)
 MySQL  localhost:3306 ssl  eva_2  SQL > show create table detalle;
+---------+---------------------------------------------------------------------------------------------------------------------------------------------------------------------------------------------------------------------------------------------------------------------------------------------------------------------------------------------------------------------------------------+
| Table   | Create Table                                                                                                                                                                                                                                                                                                                                                                          |
+---------+---------------------------------------------------------------------------------------------------------------------------------------------------------------------------------------------------------------------------------------------------------------------------------------------------------------------------------------------------------------------------------------+
| detalle | CREATE TABLE `detalle` (
  `id` int NOT NULL AUTO_INCREMENT,
  `id_maestro` int DEFAULT NULL,
  `dato` varchar(20) DEFAULT NULL,
  PRIMARY KEY (`id`),
  KEY `id_maestro` (`id_maestro`),
  CONSTRAINT `detalle_ibfk_1` FOREIGN KEY (`id_maestro`) REFERENCES `maestra` (`id`) ON DELETE SET NULL
) ENGINE=InnoDB AUTO_INCREMENT=6 DEFAULT CHARSET=utf8mb4 COLLATE=utf8mb4_0900_ai_ci |
+---------+---------------------------------------------------------------------------------------------------------------------------------------------------------------------------------------------------------------------------------------------------------------------------------------------------------------------------------------------------------------------------------------+
1 row in set (0.0013 sec)
 MySQL  localhost:3306 ssl  eva_2  SQL > alter table detalle
                                      -> drop constraint detalle_ibfk_1;
Query OK, 0 rows affected (0.3177 sec)

Records: 0  Duplicates: 0  Warnings: 0
 MySQL  localhost:3306 ssl  eva_2  SQL > show create table detalle;
+---------+------------------------------------------------------------------------------------------------------------------------------------------------------------------------------------------------------------------------------------------------------------------------------+
| Table   | Create Table                                                                                                                                                                                                                                                                 |
+---------+------------------------------------------------------------------------------------------------------------------------------------------------------------------------------------------------------------------------------------------------------------------------------+
| detalle | CREATE TABLE `detalle` (
  `id` int NOT NULL AUTO_INCREMENT,
  `id_maestro` int DEFAULT NULL,
  `dato` varchar(20) DEFAULT NULL,
  PRIMARY KEY (`id`),
  KEY `id_maestro` (`id_maestro`)
) ENGINE=InnoDB AUTO_INCREMENT=6 DEFAULT CHARSET=utf8mb4 COLLATE=utf8mb4_0900_ai_ci |
+---------+------------------------------------------------------------------------------------------------------------------------------------------------------------------------------------------------------------------------------------------------------------------------------+
1 row in set (0.0006 sec)
 MySQL  localhost:3306 ssl  eva_2  SQL > select * from maestra;
+----+-------+
| id | dato  |
+----+-------+
|  2 | ALGO1 |
|  3 | ALGO2 |
|  4 | ALGO3 |
|  5 | ALGO4 |
+----+-------+
4 rows in set (0.0225 sec)
 MySQL  localhost:3306 ssl  eva_2  SQL > desc detalle;
+------------+-------------+------+-----+---------+----------------+
| Field      | Type        | Null | Key | Default | Extra          |
+------------+-------------+------+-----+---------+----------------+
| id         | int         | NO   | PRI | NULL    | auto_increment |
| id_maestro | int         | YES  | MUL | NULL    |                |
| dato       | varchar(20) | YES  |     | NULL    |                |
+------------+-------------+------+-----+---------+----------------+
3 rows in set (0.0025 sec)
 MySQL  localhost:3306 ssl  eva_2  SQL > insert into detalle(id_maestro) value(5);
Query OK, 1 row affected (0.0438 sec)
 MySQL  localhost:3306 ssl  eva_2  SQL > select * from detalle;
+----+------------+-----------+
| id | id_maestro | dato      |
+----+------------+-----------+
|  2 |       NULL | ALGO      |
|  3 |          2 | sdfsdf    |
|  4 |          3 | sdfsdfsdf |
|  5 |          4 | sdfsdf    |
|  6 |          5 | NULL      |
+----+------------+-----------+
5 rows in set (0.0006 sec)
 MySQL  localhost:3306 ssl  eva_2  SQL > alter table detalle add FOREIGN KEY(id_maestro) references maestra(id) on delete cascade on update cascade;
Query OK, 5 rows affected (0.4727 sec)

Records: 5  Duplicates: 0  Warnings: 0
 MySQL  localhost:3306 ssl  eva_2  SQL > show create table detalle;
+---------+--------------------------------------------------------------------------------------------------------------------------------------------------------------------------------------------------------------------------------------------------------------------------------------------------------------------------------------------------------------------------------------------------------+
| Table   | Create Table                                                                                                                                                                                                                                                                                                                                                                                           |
+---------+--------------------------------------------------------------------------------------------------------------------------------------------------------------------------------------------------------------------------------------------------------------------------------------------------------------------------------------------------------------------------------------------------------+
| detalle | CREATE TABLE `detalle` (
  `id` int NOT NULL AUTO_INCREMENT,
  `id_maestro` int DEFAULT NULL,
  `dato` varchar(20) DEFAULT NULL,
  PRIMARY KEY (`id`),
  KEY `id_maestro` (`id_maestro`),
  CONSTRAINT `detalle_ibfk_1` FOREIGN KEY (`id_maestro`) REFERENCES `maestra` (`id`) ON DELETE CASCADE ON UPDATE CASCADE
) ENGINE=InnoDB AUTO_INCREMENT=7 DEFAULT CHARSET=utf8mb4 COLLATE=utf8mb4_0900_ai_ci |
+---------+--------------------------------------------------------------------------------------------------------------------------------------------------------------------------------------------------------------------------------------------------------------------------------------------------------------------------------------------------------------------------------------------------------+
1 row in set (0.0008 sec)
 MySQL  localhost:3306 ssl  eva_2  SQL > desc information_schema.table_constraints;
+--------------------+-------------+------+-----+---------+-------+
| Field              | Type        | Null | Key | Default | Extra |
+--------------------+-------------+------+-----+---------+-------+
| CONSTRAINT_CATALOG | varchar(64) | YES  |     | NULL    |       |
| CONSTRAINT_SCHEMA  | varchar(64) | YES  |     | NULL    |       |
| CONSTRAINT_NAME    | varchar(64) | YES  |     | NULL    |       |
| TABLE_SCHEMA       | varchar(64) | YES  |     | NULL    |       |
| TABLE_NAME         | varchar(64) | YES  |     | NULL    |       |
| CONSTRAINT_TYPE    | varchar(11) | NO   |     |         |       |
| ENFORCED           | varchar(3)  | NO   |     |         |       |
+--------------------+-------------+------+-----+---------+-------+
7 rows in set (0.0022 sec)
 MySQL  localhost:3306 ssl  eva_2  SQL > select constraint_name, constraint_type, table_name from informarion_schema.table_constraints;
ERROR: 1049 (42000): Unknown database 'informarion_schema'
 MySQL  localhost:3306 ssl  eva_2  SQL > select constraint_name, constraint_type, table_name from information_schema.table_constraints;
+---------------------------+-----------------+------------------------------------------------------+
| CONSTRAINT_NAME           | CONSTRAINT_TYPE | TABLE_NAME                                           |
+---------------------------+-----------------+------------------------------------------------------+
| PRIMARY                   | PRIMARY KEY     | innodb_table_stats                                   |
| PRIMARY                   | PRIMARY KEY     | innodb_index_stats                                   |
| PRIMARY                   | PRIMARY KEY     | cond_instances                                       |
| PRIMARY                   | PRIMARY KEY     | error_log                                            |
| PRIMARY                   | PRIMARY KEY     | events_waits_current                                 |
| PRIMARY                   | PRIMARY KEY     | events_waits_history                                 |
| HOST                      | UNIQUE          | events_waits_summary_by_host_by_event_name           |
| PRIMARY                   | PRIMARY KEY     | events_waits_summary_by_instance                     |
| PRIMARY                   | PRIMARY KEY     | events_waits_summary_by_thread_by_event_name         |
| USER                      | UNIQUE          | events_waits_summary_by_user_by_event_name           |
| ACCOUNT                   | UNIQUE          | events_waits_summary_by_account_by_event_name        |
| PRIMARY                   | PRIMARY KEY     | events_waits_summary_global_by_event_name            |
| PRIMARY                   | PRIMARY KEY     | file_instances                                       |
| PRIMARY                   | PRIMARY KEY     | file_summary_by_event_name                           |
| PRIMARY                   | PRIMARY KEY     | file_summary_by_instance                             |
| PRIMARY                   | PRIMARY KEY     | host_cache                                           |
| PRIMARY                   | PRIMARY KEY     | mutex_instances                                      |
| OBJECT                    | UNIQUE          | objects_summary_global_by_type                       |
| PRIMARY                   | PRIMARY KEY     | processlist                                          |
| PRIMARY                   | PRIMARY KEY     | rwlock_instances                                     |
| PRIMARY                   | PRIMARY KEY     | setup_actors                                         |
| PRIMARY                   | PRIMARY KEY     | setup_consumers                                      |
| PRIMARY                   | PRIMARY KEY     | setup_instruments                                    |
| OBJECT                    | UNIQUE          | setup_objects                                        |
| PRIMARY                   | PRIMARY KEY     | setup_threads                                        |
| OBJECT                    | UNIQUE          | table_io_waits_summary_by_index_usage                |
| OBJECT                    | UNIQUE          | table_io_waits_summary_by_table                      |
| OBJECT                    | UNIQUE          | table_lock_waits_summary_by_table                    |
| PRIMARY                   | PRIMARY KEY     | threads                                              |
| PRIMARY                   | PRIMARY KEY     | events_stages_current                                |
| PRIMARY                   | PRIMARY KEY     | events_stages_history                                |
| PRIMARY                   | PRIMARY KEY     | events_stages_summary_by_thread_by_event_name        |
| ACCOUNT                   | UNIQUE          | events_stages_summary_by_account_by_event_name       |
| USER                      | UNIQUE          | events_stages_summary_by_user_by_event_name          |
| HOST                      | UNIQUE          | events_stages_summary_by_host_by_event_name          |
| PRIMARY                   | PRIMARY KEY     | events_stages_summary_global_by_event_name           |
| PRIMARY                   | PRIMARY KEY     | events_statements_current                            |
| PRIMARY                   | PRIMARY KEY     | events_statements_history                            |
| PRIMARY                   | PRIMARY KEY     | events_statements_summary_by_thread_by_event_name    |
| ACCOUNT                   | UNIQUE          | events_statements_summary_by_account_by_event_name   |
| USER                      | UNIQUE          | events_statements_summary_by_user_by_event_name      |
| HOST                      | UNIQUE          | events_statements_summary_by_host_by_event_name      |
| PRIMARY                   | PRIMARY KEY     | events_statements_summary_global_by_event_name       |
| SCHEMA_NAME               | UNIQUE          | events_statements_summary_by_digest                  |
| PRIMARY                   | PRIMARY KEY     | events_statements_summary_by_program                 |
| PRIMARY                   | PRIMARY KEY     | events_statements_histogram_global                   |
| SCHEMA_NAME               | UNIQUE          | events_statements_histogram_by_digest                |
| PRIMARY                   | PRIMARY KEY     | events_transactions_current                          |
| PRIMARY                   | PRIMARY KEY     | events_transactions_history                          |
| PRIMARY                   | PRIMARY KEY     | events_transactions_summary_by_thread_by_event_name  |
| ACCOUNT                   | UNIQUE          | events_transactions_summary_by_account_by_event_name |
| USER                      | UNIQUE          | events_transactions_summary_by_user_by_event_name    |
| HOST                      | UNIQUE          | events_transactions_summary_by_host_by_event_name    |
| PRIMARY                   | PRIMARY KEY     | events_transactions_summary_global_by_event_name     |
| USER                      | UNIQUE          | events_errors_summary_by_user_by_error               |
| HOST                      | UNIQUE          | events_errors_summary_by_host_by_error               |
| ACCOUNT                   | UNIQUE          | events_errors_summary_by_account_by_error            |
| THREAD_ID                 | UNIQUE          | events_errors_summary_by_thread_by_error             |
| ERROR_NUMBER              | UNIQUE          | events_errors_summary_global_by_error                |
| USER                      | UNIQUE          | users                                                |
| ACCOUNT                   | UNIQUE          | accounts                                             |
| HOST                      | UNIQUE          | hosts                                                |
| PRIMARY                   | PRIMARY KEY     | socket_instances                                     |
| PRIMARY                   | PRIMARY KEY     | socket_summary_by_instance                           |
| PRIMARY                   | PRIMARY KEY     | socket_summary_by_event_name                         |
| PRIMARY                   | PRIMARY KEY     | session_connect_attrs                                |
| PRIMARY                   | PRIMARY KEY     | session_account_connect_attrs                        |
| PRIMARY                   | PRIMARY KEY     | memory_summary_global_by_event_name                  |
| ACCOUNT                   | UNIQUE          | memory_summary_by_account_by_event_name              |
| HOST                      | UNIQUE          | memory_summary_by_host_by_event_name                 |
| PRIMARY                   | PRIMARY KEY     | memory_summary_by_thread_by_event_name               |
| USER                      | UNIQUE          | memory_summary_by_user_by_event_name                 |
| PRIMARY                   | PRIMARY KEY     | table_handles                                        |
| PRIMARY                   | PRIMARY KEY     | metadata_locks                                       |
| PRIMARY                   | PRIMARY KEY     | data_locks                                           |
| PRIMARY                   | PRIMARY KEY     | replication_connection_configuration                 |
| PRIMARY                   | PRIMARY KEY     | replication_connection_status                        |
| PRIMARY                   | PRIMARY KEY     | replication_applier_configuration                    |
| PRIMARY                   | PRIMARY KEY     | replication_applier_status                           |
| PRIMARY                   | PRIMARY KEY     | replication_applier_status_by_coordinator            |
| PRIMARY                   | PRIMARY KEY     | replication_applier_status_by_worker                 |
| OWNER_THREAD_ID           | UNIQUE          | prepared_statements_instances                        |
| PRIMARY                   | PRIMARY KEY     | prepared_statements_instances                        |
| PRIMARY                   | PRIMARY KEY     | user_variables_by_thread                             |
| ACCOUNT                   | UNIQUE          | status_by_account                                    |
| HOST                      | UNIQUE          | status_by_host                                       |
| PRIMARY                   | PRIMARY KEY     | status_by_thread                                     |
| USER                      | UNIQUE          | status_by_user                                       |
| PRIMARY                   | PRIMARY KEY     | global_status                                        |
| PRIMARY                   | PRIMARY KEY     | session_status                                       |
| PRIMARY                   | PRIMARY KEY     | variables_by_thread                                  |
| PRIMARY                   | PRIMARY KEY     | global_variables                                     |
| PRIMARY                   | PRIMARY KEY     | session_variables                                    |
| PRIMARY                   | PRIMARY KEY     | persisted_variables                                  |
| PRIMARY                   | PRIMARY KEY     | user_defined_functions                               |
| PRIMARY                   | PRIMARY KEY     | db                                                   |
| PRIMARY                   | PRIMARY KEY     | user                                                 |
| PRIMARY                   | PRIMARY KEY     | default_roles                                        |
| PRIMARY                   | PRIMARY KEY     | role_edges                                           |
| PRIMARY                   | PRIMARY KEY     | global_grants                                        |
| PRIMARY                   | PRIMARY KEY     | password_history                                     |
| PRIMARY                   | PRIMARY KEY     | func                                                 |
| PRIMARY                   | PRIMARY KEY     | plugin                                               |
| name                      | UNIQUE          | help_topic                                           |
| PRIMARY                   | PRIMARY KEY     | help_topic                                           |
| name                      | UNIQUE          | help_category                                        |
| PRIMARY                   | PRIMARY KEY     | help_category                                        |
| PRIMARY                   | PRIMARY KEY     | help_relation                                        |
| PRIMARY                   | PRIMARY KEY     | servers                                              |
| PRIMARY                   | PRIMARY KEY     | tables_priv                                          |
| PRIMARY                   | PRIMARY KEY     | columns_priv                                         |
| name                      | UNIQUE          | help_keyword                                         |
| PRIMARY                   | PRIMARY KEY     | help_keyword                                         |
| PRIMARY                   | PRIMARY KEY     | time_zone_name                                       |
| PRIMARY                   | PRIMARY KEY     | time_zone                                            |
| PRIMARY                   | PRIMARY KEY     | time_zone_transition                                 |
| PRIMARY                   | PRIMARY KEY     | time_zone_transition_type                            |
| PRIMARY                   | PRIMARY KEY     | time_zone_leap_second                                |
| PRIMARY                   | PRIMARY KEY     | procs_priv                                           |
| PRIMARY                   | PRIMARY KEY     | component                                            |
| PRIMARY                   | PRIMARY KEY     | slave_relay_log_info                                 |
| PRIMARY                   | PRIMARY KEY     | slave_master_info                                    |
| PRIMARY                   | PRIMARY KEY     | slave_worker_info                                    |
| PRIMARY                   | PRIMARY KEY     | gtid_executed                                        |
| PRIMARY                   | PRIMARY KEY     | replication_asynchronous_connection_failover         |
| PRIMARY                   | PRIMARY KEY     | replication_asynchronous_connection_failover_managed |
| PRIMARY                   | PRIMARY KEY     | replication_group_member_actions                     |
| PRIMARY                   | PRIMARY KEY     | replication_group_configuration_version              |
| PRIMARY                   | PRIMARY KEY     | server_cost                                          |
| PRIMARY                   | PRIMARY KEY     | engine_cost                                          |
| PRIMARY                   | PRIMARY KEY     | proxies_priv                                         |
| PRIMARY                   | PRIMARY KEY     | ndb_binlog_index                                     |
| PRIMARY                   | PRIMARY KEY     | sys_config                                           |
| PRIMARY                   | PRIMARY KEY     | actor                                                |
| PRIMARY                   | PRIMARY KEY     | address                                              |
| fk_address_city           | FOREIGN KEY     | address                                              |
| PRIMARY                   | PRIMARY KEY     | category                                             |
| PRIMARY                   | PRIMARY KEY     | city                                                 |
| fk_city_country           | FOREIGN KEY     | city                                                 |
| PRIMARY                   | PRIMARY KEY     | country                                              |
| PRIMARY                   | PRIMARY KEY     | customer                                             |
| fk_customer_address       | FOREIGN KEY     | customer                                             |
| fk_customer_store         | FOREIGN KEY     | customer                                             |
| PRIMARY                   | PRIMARY KEY     | film                                                 |
| fk_film_language          | FOREIGN KEY     | film                                                 |
| fk_film_language_original | FOREIGN KEY     | film                                                 |
| PRIMARY                   | PRIMARY KEY     | film_actor                                           |
| fk_film_actor_actor       | FOREIGN KEY     | film_actor                                           |
| fk_film_actor_film        | FOREIGN KEY     | film_actor                                           |
| PRIMARY                   | PRIMARY KEY     | film_category                                        |
| fk_film_category_category | FOREIGN KEY     | film_category                                        |
| fk_film_category_film     | FOREIGN KEY     | film_category                                        |
| PRIMARY                   | PRIMARY KEY     | film_text                                            |
| PRIMARY                   | PRIMARY KEY     | inventory                                            |
| fk_inventory_film         | FOREIGN KEY     | inventory                                            |
| fk_inventory_store        | FOREIGN KEY     | inventory                                            |
| PRIMARY                   | PRIMARY KEY     | language                                             |
| PRIMARY                   | PRIMARY KEY     | payment                                              |
| fk_payment_customer       | FOREIGN KEY     | payment                                              |
| fk_payment_rental         | FOREIGN KEY     | payment                                              |
| fk_payment_staff          | FOREIGN KEY     | payment                                              |
| PRIMARY                   | PRIMARY KEY     | rental                                               |
| rental_date               | UNIQUE          | rental                                               |
| fk_rental_customer        | FOREIGN KEY     | rental                                               |
| fk_rental_inventory       | FOREIGN KEY     | rental                                               |
| fk_rental_staff           | FOREIGN KEY     | rental                                               |
| PRIMARY                   | PRIMARY KEY     | staff                                                |
| fk_staff_address          | FOREIGN KEY     | staff                                                |
| fk_staff_store            | FOREIGN KEY     | staff                                                |
| idx_unique_manager        | UNIQUE          | store                                                |
| PRIMARY                   | PRIMARY KEY     | store                                                |
| fk_store_address          | FOREIGN KEY     | store                                                |
| fk_store_staff            | FOREIGN KEY     | store                                                |
| PRIMARY                   | PRIMARY KEY     | city                                                 |
| city_ibfk_1               | FOREIGN KEY     | city                                                 |
| PRIMARY                   | PRIMARY KEY     | country                                              |
| PRIMARY                   | PRIMARY KEY     | countrylanguage                                      |
| countryLanguage_ibfk_1    | FOREIGN KEY     | countrylanguage                                      |
| no_control                | UNIQUE          | alumnos                                              |
| PRIMARY                   | PRIMARY KEY     | asignaturas                                          |
| PRIMARY                   | PRIMARY KEY     | docentes                                             |
| PRIMARY                   | PRIMARY KEY     | carreras                                             |
| PRIMARY                   | PRIMARY KEY     | personas                                             |
| personas_chk_1            | CHECK           | personas                                             |
| PRIMARY                   | PRIMARY KEY     | automovil                                            |
| automovil_chk_1           | CHECK           | automovil                                            |
| automovil_chk_2           | CHECK           | automovil                                            |
| PRIMARY                   | PRIMARY KEY     | vendedor                                             |
| PRIMARY                   | PRIMARY KEY     | cliente                                              |
| PRIMARY                   | PRIMARY KEY     | copia_per                                            |
| copia_per_chk_1           | CHECK           | copia_per                                            |
| PRIMARY                   | PRIMARY KEY     | customer                                             |
| idx_unique_manager        | UNIQUE          | store                                                |
| PRIMARY                   | PRIMARY KEY     | store                                                |
| PRIMARY                   | PRIMARY KEY     | actor3                                               |
| PRIMARY                   | PRIMARY KEY     | client                                               |
| PRIMARY                   | PRIMARY KEY     | orders                                               |
| orders_ibfk_1             | FOREIGN KEY     | orders                                               |
| PRIMARY                   | PRIMARY KEY     | product                                              |
| PRIMARY                   | PRIMARY KEY     | sales                                                |
| sales_ibfk_1              | FOREIGN KEY     | sales                                                |
| sales_ibfk_2              | FOREIGN KEY     | sales                                                |
| PRIMARY                   | PRIMARY KEY     | factura                                              |
| PRIMARY                   | PRIMARY KEY     | detallefactura                                       |
| detallefactura_ibfk_1     | FOREIGN KEY     | detallefactura                                       |
| PRIMARY                   | PRIMARY KEY     | maestra                                              |
| PRIMARY                   | PRIMARY KEY     | contacts                                             |
| PRIMARY                   | PRIMARY KEY     | phones                                               |
| phones_ibfk_1             | FOREIGN KEY     | phones                                               |
| PRIMARY                   | PRIMARY KEY     | detalle                                              |
| detalle_ibfk_1            | FOREIGN KEY     | detalle                                              |
+---------------------------+-----------------+------------------------------------------------------+
211 rows in set (0.0834 sec)
 MySQL  localhost:3306 ssl  eva_2  SQL > select constraint_name, constraint_type, table_name from information_schema.table_constraints where table_name = detalle;
ERROR: 1054 (42S22): Unknown column 'detalle' in 'where clause'
 MySQL  localhost:3306 ssl  eva_2  SQL > select constraint_name, constraint_type, table_name from information_schema.table_constraints where table_name = 'detalle';
+-----------------+-----------------+------------+
| CONSTRAINT_NAME | CONSTRAINT_TYPE | TABLE_NAME |
+-----------------+-----------------+------------+
| PRIMARY         | PRIMARY KEY     | detalle    |
| detalle_ibfk_1  | FOREIGN KEY     | detalle    |
+-----------------+-----------------+------------+
2 rows in set (0.0013 sec)
 MySQL  localhost:3306 ssl  eva_2  SQL > \use evaluacion_1
Default schema set to `evaluacion_1`.
Fetching global names, object names from `evaluacion_1` for auto-completion... Press ^C to stop.
 MySQL  localhost:3306 ssl  evaluacion_1  SQL > show tables;
+------------------------+
| Tables_in_evaluacion_1 |
+------------------------+
| actor2                 |
| actor3                 |
| alumnos                |
| asignaturas            |
| carreras               |
| copia_per              |
| copia_per2             |
| customer               |
| docentes               |
| empleados              |
| personas               |
| primer_tabla           |
| shirts                 |
| store                  |
+------------------------+
14 rows in set (0.0014 sec)
 MySQL  localhost:3306 ssl  evaluacion_1  SQL > select constraint_name, constraint_type, table_name from information_schema.table_constraints where constraint_type = 'CHECK';
+-----------------+-----------------+------------+
| CONSTRAINT_NAME | CONSTRAINT_TYPE | TABLE_NAME |
+-----------------+-----------------+------------+
| personas_chk_1  | CHECK           | personas   |
| automovil_chk_1 | CHECK           | automovil  |
| automovil_chk_2 | CHECK           | automovil  |
| copia_per_chk_1 | CHECK           | copia_per  |
+-----------------+-----------------+------------+
4 rows in set (0.0040 sec)
 MySQL  localhost:3306 ssl  evaluacion_1  SQL > select constraint_name, constraint_type, table_name from information_schema.table_constraints where constraint_type = 'FOREIGN KEY';
+---------------------------+-----------------+-----------------+
| CONSTRAINT_NAME           | CONSTRAINT_TYPE | TABLE_NAME      |
+---------------------------+-----------------+-----------------+
| fk_address_city           | FOREIGN KEY     | address         |
| fk_city_country           | FOREIGN KEY     | city            |
| fk_customer_address       | FOREIGN KEY     | customer        |
| fk_customer_store         | FOREIGN KEY     | customer        |
| fk_film_language          | FOREIGN KEY     | film            |
| fk_film_language_original | FOREIGN KEY     | film            |
| fk_film_actor_actor       | FOREIGN KEY     | film_actor      |
| fk_film_actor_film        | FOREIGN KEY     | film_actor      |
| fk_film_category_category | FOREIGN KEY     | film_category   |
| fk_film_category_film     | FOREIGN KEY     | film_category   |
| fk_inventory_film         | FOREIGN KEY     | inventory       |
| fk_inventory_store        | FOREIGN KEY     | inventory       |
| fk_payment_customer       | FOREIGN KEY     | payment         |
| fk_payment_rental         | FOREIGN KEY     | payment         |
| fk_payment_staff          | FOREIGN KEY     | payment         |
| fk_rental_customer        | FOREIGN KEY     | rental          |
| fk_rental_inventory       | FOREIGN KEY     | rental          |
| fk_rental_staff           | FOREIGN KEY     | rental          |
| fk_staff_address          | FOREIGN KEY     | staff           |
| fk_staff_store            | FOREIGN KEY     | staff           |
| fk_store_address          | FOREIGN KEY     | store           |
| fk_store_staff            | FOREIGN KEY     | store           |
| city_ibfk_1               | FOREIGN KEY     | city            |
| countryLanguage_ibfk_1    | FOREIGN KEY     | countrylanguage |
| orders_ibfk_1             | FOREIGN KEY     | orders          |
| sales_ibfk_1              | FOREIGN KEY     | sales           |
| sales_ibfk_2              | FOREIGN KEY     | sales           |
| detallefactura_ibfk_1     | FOREIGN KEY     | detallefactura  |
| phones_ibfk_1             | FOREIGN KEY     | phones          |
| detalle_ibfk_1            | FOREIGN KEY     | detalle         |
+---------------------------+-----------------+-----------------+
30 rows in set (0.0035 sec)
 MySQL  localhost:3306 ssl  evaluacion_1  SQL > \use eva_2
Default schema set to `eva_2`.
Fetching global names, object names from `eva_2` for auto-completion... Press ^C to stop.
 MySQL  localhost:3306 ssl  eva_2  SQL > show tables;
+-----------------+
| Tables_in_eva_2 |
+-----------------+
| contacts        |
| detalle         |
| detallefactura  |
| factura         |
| maestra         |
| phones          |
+-----------------+
6 rows in set (0.0013 sec)
 MySQL  localhost:3306 ssl  eva_2  SQL > show create table phones;
+--------+---------------------------------------------------------------------------------------------------------------------------------------------------------------------------------------------------------------------------------------------------------------------------------------------------------------------------------------------------------------------------------------------------+
| Table  | Create Table                                                                                                                                                                                                                                                                                                                                                                                      |
+--------+---------------------------------------------------------------------------------------------------------------------------------------------------------------------------------------------------------------------------------------------------------------------------------------------------------------------------------------------------------------------------------------------------+
| phones | CREATE TABLE `phones` (
  `phone_id` int NOT NULL AUTO_INCREMENT,
  `contact_id` int DEFAULT NULL,
  `phone` int DEFAULT NULL,
  PRIMARY KEY (`phone_id`),
  KEY `contact_id` (`contact_id`),
  CONSTRAINT `phones_ibfk_1` FOREIGN KEY (`contact_id`) REFERENCES `contacts` (`contact_id`) ON DELETE CASCADE ON UPDATE CASCADE
) ENGINE=InnoDB DEFAULT CHARSET=utf8mb4 COLLATE=utf8mb4_0900_ai_ci |
+--------+---------------------------------------------------------------------------------------------------------------------------------------------------------------------------------------------------------------------------------------------------------------------------------------------------------------------------------------------------------------------------------------------------+
1 row in set (0.0023 sec)
 MySQL  localhost:3306 ssl  eva_2  SQL > drop constraint phones_ibfk_1;
ERROR: 1064 (42000): You have an error in your SQL syntax; check the manual that corresponds to your MySQL server version for the right syntax to use near 'constraint phones_ibfk_1' at line 1
 MySQL  localhost:3306 ssl  eva_2  SQL > alter table phones drop constraint phones_ibfk_1;
Query OK, 0 rows affected (0.1892 sec)

Records: 0  Duplicates: 0  Warnings: 0
 MySQL  localhost:3306 ssl  eva_2  SQL > show create table phones;
+--------+-----------------------------------------------------------------------------------------------------------------------------------------------------------------------------------------------------------------------------------------------------------------+
| Table  | Create Table                                                                                                                                                                                                                                                    |
+--------+-----------------------------------------------------------------------------------------------------------------------------------------------------------------------------------------------------------------------------------------------------------------+
| phones | CREATE TABLE `phones` (
  `phone_id` int NOT NULL AUTO_INCREMENT,
  `contact_id` int DEFAULT NULL,
  `phone` int DEFAULT NULL,
  PRIMARY KEY (`phone_id`),
  KEY `contact_id` (`contact_id`)
) ENGINE=InnoDB DEFAULT CHARSET=utf8mb4 COLLATE=utf8mb4_0900_ai_ci |
+--------+-----------------------------------------------------------------------------------------------------------------------------------------------------------------------------------------------------------------------------------------------------------------+
1 row in set (0.0006 sec)
 MySQL  localhost:3306 ssl  eva_2  SQL > alter table phones add FOREIGN KEY(contact_id) references contacts(contact_id) on delete restrict on update set null;
Query OK, 0 rows affected (0.1618 sec)

Records: 0  Duplicates: 0  Warnings: 0
 MySQL  localhost:3306 ssl  eva_2  SQL > show create table phones;
+--------+-----------------------------------------------------------------------------------------------------------------------------------------------------------------------------------------------------------------------------------------------------------------------------------------------------------------------------------------------------------------------------------------------------+
| Table  | Create Table                                                                                                                                                                                                                                                                                                                                                                                        |
+--------+-----------------------------------------------------------------------------------------------------------------------------------------------------------------------------------------------------------------------------------------------------------------------------------------------------------------------------------------------------------------------------------------------------+
| phones | CREATE TABLE `phones` (
  `phone_id` int NOT NULL AUTO_INCREMENT,
  `contact_id` int DEFAULT NULL,
  `phone` int DEFAULT NULL,
  PRIMARY KEY (`phone_id`),
  KEY `contact_id` (`contact_id`),
  CONSTRAINT `phones_ibfk_1` FOREIGN KEY (`contact_id`) REFERENCES `contacts` (`contact_id`) ON DELETE RESTRICT ON UPDATE SET NULL
) ENGINE=InnoDB DEFAULT CHARSET=utf8mb4 COLLATE=utf8mb4_0900_ai_ci |
+--------+-----------------------------------------------------------------------------------------------------------------------------------------------------------------------------------------------------------------------------------------------------------------------------------------------------------------------------------------------------------------------------------------------------+
1 row in set (0.0008 sec)
 MySQL  localhost:3306 ssl  eva_2  SQL > select * from phones;
Empty set (0.0006 sec)
 MySQL  localhost:3306 ssl  eva_2  SQL > select * from contacts;
Empty set (0.0357 sec)
 MySQL  localhost:3306 ssl  eva_2  SQL > insert into phones(contact_id) values(1);
ERROR: 1452 (23000): Cannot add or update a child row: a foreign key constraint fails (`eva_2`.`phones`, CONSTRAINT `phones_ibfk_1` FOREIGN KEY (`contact_id`) REFERENCES `contacts` (`contact_id`) ON DELETE RESTRICT ON UPDATE SET NULL)
 MySQL  localhost:3306 ssl  eva_2  SQL > insert into contacts(name) values('DANTE SPARDA')
                                      -> ;
ERROR: 1364 (HY000): Field 'company' doesn't have a default value
 MySQL  localhost:3306 ssl  eva_2  SQL > insert into contacts(name, company) values('DANTE SPARDA', 'ZXCC') ;
ERROR: 1364 (HY000): Field 'address' doesn't have a default value
 MySQL  localhost:3306 ssl  eva_2  SQL > insert into contacts(name, company, address, zipcode) values('DANTE SPARDA', 'ZXCC','XCZCBCV','3423445423') ;
Query OK, 1 row affected (0.0527 sec)
 MySQL  localhost:3306 ssl  eva_2  SQL > select * from contacts;
+------------+--------------+---------+---------+------------+
| contact_id | name         | company | address | zipcode    |
+------------+--------------+---------+---------+------------+
|          1 | DANTE SPARDA | ZXCC    | XCZCBCV | 3423445423 |
+------------+--------------+---------+---------+------------+
1 row in set (0.0007 sec)
 MySQL  localhost:3306 ssl  eva_2  SQL >